PHPUnit 11.5.44 by Sebastian Bergmann and contributors.

Unknown option "-v"
